\BOOKMARK [1][-]{section.1}{\376\377\000T\000\363\000m\000\040\000t\036\257\000t\000\040\001\021\036\323\000\040\000\341\000n}{}% 1
\BOOKMARK [1][-]{section.2}{\376\377\001\020\036\321\000i\000\040\000c\000h\000i\036\277\000u\000\040\000y\000\352\000u\000\040\000c\036\247\000u\000\040\000n\036\331\000p\000\040\000b\000\340\000i}{}% 2
\BOOKMARK [1][-]{section.3}{\376\377\000Y\000\352\000u\000\040\000c\036\247\000u\000\040\000v\000\340\000\040\000p\000h\036\241\000m\000\040\000v\000i}{}% 3
\BOOKMARK [1][-]{section.4}{\376\377\000K\000i\036\277\000n\000\040\000t\000r\000\372\000c\000\040\000h\036\307\000\040\000t\000h\036\321\000n\000g}{}% 4
\BOOKMARK [2][-]{subsection.4.1}{\376\377\000B\036\243\000n\000g\000\040\000k\036\277\000t\000\040\000n\036\321\000i}{section.4}% 5
\BOOKMARK [2][-]{subsection.4.2}{\376\377\000H\000\354\000n\000h\000\040\036\243\000n\000h\000\040\000c\000\341\000c\000\040\000l\000i\000n\000h\000\040\000k\000i\036\307\000n\000\040\000c\000h\000\355\000n\000h}{section.4}% 6
\BOOKMARK [1][-]{section.5}{\376\377\000T\000h\000i\036\277\000t\000\040\000k\036\277\000\040\000p\000h\036\247\000n\000\040\000m\036\301\000m}{}% 7
\BOOKMARK [2][-]{subsection.5.1}{\376\377\000T\036\325\000\040\000c\000h\036\351\000c\000\040\000c\000h\001\260\001\241\000n\000g\000\040\000t\000r\000\354\000n\000h}{section.5}% 8
\BOOKMARK [2][-]{subsection.5.2}{\376\377\000L\000u\036\323\000n\000g\000\040\000v\000\362\000n\000g\000\040\000l\036\267\000p\000\040\000c\000h\000\355\000n\000h}{section.5}% 9
\BOOKMARK [2][-]{subsection.5.3}{\376\377\000G\000i\000a\000o\000\040\000d\000i\036\307\000n\000\040\000h\000i\036\303\000n\000\040\000t\000h\036\313}{section.5}% 10
\BOOKMARK [1][-]{section.6}{\376\377\000T\000h\000u\036\255\000t\000\040\000t\000o\000\341\000n\000\040\000c\000\341\000c\000\040\000m\000\364\000-\001\021\000u\000n}{}% 11
\BOOKMARK [2][-]{subsection.6.1}{\376\377\000N\000h\036\313\000p\000\040\000t\000i\000m\000\040\000v\000\340\000\040\000S\000p\000O\0002}{section.6}% 12
\BOOKMARK [2][-]{subsection.6.2}{\376\377\000P\000h\000\341\000t\000\040\000h\000i\036\307\000n\000\040\000t\000\351\000\040\000n\000g\000\343}{section.6}% 13
\BOOKMARK [2][-]{subsection.6.3}{\376\377\001\020\036\277\000m\000\040\000b\001\260\036\333\000c}{section.6}% 14
\BOOKMARK [2][-]{subsection.6.4}{\376\377\000G\000P\000S}{section.6}% 15
\BOOKMARK [1][-]{section.7}{\376\377\000C\000\341\000c\000\040\001\021\000o\036\241\000n\000\040\000m\000\343\000\040\000q\000u\000y\036\277\000t\000\040\001\021\036\313\000n\000h}{}% 16
\BOOKMARK [2][-]{subsection.7.1}{\376\377\000P\000h\000\342\000n\000\040\000b\000i\036\307\000t\000\040\000F\000I\000F\000O\000\040\000r\036\327\000n\000g\000\040\000v\036\333\000i\000\040\000l\036\327\000i\000\040\000M\000A\000X\0003\0000\0001\0000\0002}{section.7}% 17
\BOOKMARK [2][-]{subsection.7.2}{\376\377\000X\000\341\000c\000\040\000n\000h\036\255\000n\000\040\000B\000P\000M\000\040\000t\000r\001\260\036\333\000c\000\040\000k\000h\000i\000\040\000h\000i\036\303\000n\000\040\000t\000h\036\313}{section.7}% 18
\BOOKMARK [2][-]{subsection.7.3}{\376\377\001\020\000i\036\301\000u\000\040\000k\000i\036\307\000n\000\040\000b\001\260\036\333\000c\000\040\000c\000h\000\342\000n\000\040\000v\000\340\000\040\000t\000\351\000\040\000n\000g\000\343}{section.7}% 19
\BOOKMARK [2][-]{subsection.7.4}{\376\377\000L\000o\036\241\000i\000\040\000c\000\342\000u\000\040\000N\000M\000E\000A\000\040\000s\000a\000i\000\040\000c\000h\000e\000c\000k\000s\000u\000m}{section.7}% 20
\BOOKMARK [1][-]{section.8}{\376\377\000P\000h\000\342\000n\000\040\000c\000\364\000n\000g\000\040\000t\000h\036\361\000c\000\040\000h\000i\036\307\000n}{}% 21
\BOOKMARK [1][-]{section.9}{\376\377\000K\000i\036\303\000m\000\040\000t\000h\036\355\000\040\000v\000\340\000\040\000k\036\277\000t\000\040\000q\000u\036\243}{}% 22
\BOOKMARK [1][-]{section.10}{\376\377\001\020\000\341\000n\000h\000\040\000g\000i\000\341\000\040\000r\036\347\000i\000\040\000r\000o\000\040\000v\000\340\000\040\000g\000i\036\333\000i\000\040\000h\036\241\000n}{}% 23
\BOOKMARK [1][-]{section.11}{\376\377\000H\001\260\036\333\000n\000g\000\040\000p\000h\000\341\000t\000\040\000t\000r\000i\036\303\000n}{}% 24
\BOOKMARK [1][-]{section.12}{\376\377\000K\036\277\000t\000\040\000l\000u\036\255\000n}{}% 25
\BOOKMARK [1][-]{section.12}{\376\377\000T\000\340\000i\000\040\000l\000i\036\307\000u\000\040\000t\000h\000a\000m\000\040\000k\000h\036\243\000o}{}% 26
